C51 COMPILER V8.08   GUI                                                                   07/22/2017 19:31:17 PAGE 1   


C51 COMPILER V8.08, COMPILATION OF MODULE GUI
OBJECT MODULE PLACED IN gui.OBJ
COMPILER INVOKED BY: C:\Keil\C51\BIN\C51.EXE gui.c OPTIMIZE(9,SIZE) BROWSE DEBUG OBJECTEXTEND

line level    source

   1          #include"gui.h"
   2          
   3          //---汉字的字库头文件---//
   4          #include"charcode.h"
   5          
   6          //---如果要显示图片就添加这个头文件---//
   7          #ifdef PICTURE_SHOW        //在GUI.h中可以定义
              
              #include"picture.h"
              
              #endif
  12          
  13          
  14          /****************************************************************************
  15          *函数名：GUI_Line 
  16          *输  入：xStart：直线的起始X坐标
  17          *      * yStart：直线的其实Y坐标
  18          *      * xEnd：直线的结束X坐标
  19          *      * yEnd：直线的结束Y坐标
  20          *      * color：直线的颜色
  21          *输  出：
  22          *功  能：画一条直线
  23          ****************************************************************************/     
  24          
  25          void GUI_Line(uint xStart, uint yStart, uchar xEnd, uint yEnd, uint color)
  26          {
  27   1              uint t;  
  28   1              int xerr = 0, yerr = 0, delta_x, delta_y, distance;  
  29   1              int incx, incy;  
  30   1              uint row, col;  
  31   1              delta_x = xEnd - xStart;//计算坐标增量  
  32   1              delta_y = yEnd - yStart;  
  33   1              col = xStart;  
  34   1              row = yStart;  
  35   1              if (delta_x > 0)
  36   1              {
  37   2                      incx=1;//设置单步方向
  38   2              }         
  39   1              else    
  40   1              {  
  41   2                  if (delta_x == 0)
  42   2                      {
  43   3                              incx = 0;//垂直线 
  44   3                      }                
  45   2                  else 
  46   2                              {
  47   3                                      incx = -1;
  48   3                                      delta_x = -delta_x;
  49   3                              }  
  50   2              }  
  51   1              if (delta_y > 0)
  52   1              {
  53   2                      incy = 1;
  54   2              }         
  55   1              else  
C51 COMPILER V8.08   GUI                                                                   07/22/2017 19:31:17 PAGE 2   

  56   1              {  
  57   2                  if (delta_y == 0)
  58   2                      {
  59   3                              incy = 0;//水平线  
  60   3                      } 
  61   2                  else 
  62   2                      {
  63   3                              incy = -1;
  64   3                              delta_y = -delta_y;
  65   3                      }  
  66   2              }  
  67   1              if (delta_x > delta_y)
  68   1              { 
  69   2                      distance = delta_x;//选取基本增量坐标轴  
  70   2              }
  71   1              else
  72   1              {
  73   2                      distance = delta_y; 
  74   2              }       
  75   1              for (t=0; t<=distance+1; t++)  
  76   1              {                                     //画线输出  
  77   2                  GUI_Dot(col, row, color);
  78   2                  xerr += delta_x;  
  79   2                  yerr += delta_y;  
  80   2                      if(xerr > distance)  
  81   2                  {  
  82   3                      xerr -= distance;  
  83   3                      col += incx;  
  84   3                  }  
  85   2                  if(yerr > distance)  
  86   2                  {  
  87   3                      yerr -= distance;  
  88   3                      row += incy;  
  89   3                  }  
  90   2              }  
  91   1      }         
  92          
  93          /****************************************************************************
  94          *函数名：GUI_WriteASCII 
  95          *输  入：x：字母显示的X坐标
  96          *      * y：字母显示的Y坐标
  97          *      * cn：要显示的字母
  98          *      * wordColor：文字的颜色
  99          *      * backColor：背景颜色
 100          *输  出：
 101          *功  能：写16X24的ASCII字符
 102          ****************************************************************************/     
 103          
 104          #ifdef USE_ASCII
 105          
 106          void GUI_WriteASCII(uint x, uint y, uchar *p, uint wordColor, uint backColor)
 107          {
 108   1              uchar j, wordByte,wordNum;
 109   1              uint color;
 110   1              while(*p != '\0')
 111   1              {
 112   2                      wordNum = *p - 32;
 113   2                      TFT_SetWindow(x,y,x+15, y+23);
 114   2                      for (wordByte=0; wordByte<48; wordByte++)
 115   2                      {
 116   3                              color = ASCII16x24[wordNum][wordByte];
 117   3                              for (j=0; j<8; j++) 
C51 COMPILER V8.08   GUI                                                                   07/22/2017 19:31:17 PAGE 3   

 118   3                              {
 119   4                                      if ((color&0x80) == 0x80)
 120   4                                      {
 121   5                                              TFT_WriteColor(wordColor);
 122   5                                      }                                               
 123   4                                      else
 124   4                                      {
 125   5                                              TFT_WriteColor(backColor);
 126   5                                      }       
 127   4                                      color <<= 1;
 128   4                              }
 129   3                      }
 130   2                      p++;
 131   2                      x +=16;
 132   2              }
 133   1      }
 134          #endif
 135          
 136          void GUI_WriteASCII2(uint x, uint y, uchar *p, uint wordColor, uint backColor)
 137          {
 138   1              uchar j, wordByte,wordNum;
 139   1              uint color;
 140   1              while(*p != '\0')
 141   1              {
 142   2                      wordNum = *p-48;                  //数组加‘0’表示从数字0的首地址开始计数
 143   2                      TFT_SetWindow(x,y,x+23, y+47);    //字符大小 24*48
 144   2                      for (wordByte=0; wordByte<144; wordByte++)       //一共144个字节
 145   2                      {
 146   3                              color = ASCII24x48[wordNum][wordByte];    
 147   3                              for (j=0; j<8; j++) 
 148   3                              {
 149   4                                      if ((color&0x80) == 0x80)          //每个字节一共8位
 150   4                                      {
 151   5                                              TFT_WriteColor(wordColor);        //如果为1则是字体颜色
 152   5                                      }                                               
 153   4                                      else
 154   4                                      {
 155   5                                              TFT_WriteColor(backColor);        //如果为0则为背景的颜色
 156   5                                      }       
 157   4                                      color <<= 1;                                    //次高位为最高位
 158   4                              }
 159   3                      }
 160   2                      p++;
 161   2                      x +=24;
 162   2              }
 163   1      }
 164          
 165          /****************************************************************************
 166          *函数名：GUI_ShowPicture 
 167          *输  入：x：图片显示起始X坐标
 168          *      * y：图片显示起始Y坐标
 169          *      * wide：图片的宽度
 170          *      * high：图片的高度
 171          *输  出：
 172          *功  能：显示一张图片（取自picture.h中的pic[]数组，换图片直接替换掉pic数组就
 173          *      * 可以了）
 174          ****************************************************************************/     
 175          
 176          #ifdef PICTURE_SHOW
              
              void GUI_ShowPicture(uint x, uint y, uchar wide, uint high)
              {
C51 COMPILER V8.08   GUI                                                                   07/22/2017 19:31:17 PAGE 4   

                      uint temp = 0, tmp = 0, num = 0;
                      TFT_SetWindow(x, y, x+wide-1, y+high-1);
                      num = wide * high * 2;
                      do
                      {   
                              temp = pic[tmp + 1];
                              temp = temp << 8;
                              temp = temp | pic[tmp];
                              TFT_WriteColor(temp);   //逐点显示
                              tmp += 2;
                      }
                      while(tmp < num);       
              }
              
              #endif


MODULE INFORMATION:   STATIC OVERLAYABLE
   CODE SIZE        =    667    ----
   CONSTANT SIZE    =   7110    ----
   XDATA SIZE       =   ----    ----
   PDATA SIZE       =   ----    ----
   DATA SIZE        =   ----      61
   IDATA SIZE       =   ----    ----
   BIT SIZE         =   ----    ----
END OF MODULE INFORMATION.


C51 COMPILATION COMPLETE.  0 WARNING(S),  0 ERROR(S)
