C51 COMPILER V9.56.0.0   LCD_DRIVER                                                        07/25/2017 09:21:20 PAGE 1   


C51 COMPILER V9.56.0.0, COMPILATION OF MODULE LCD_DRIVER
OBJECT MODULE PLACED IN lcd_driver.OBJ
COMPILER INVOKED BY: F:\keil51\C51\BIN\C51.EXE lcd_driver.c OPTIMIZE(9,SIZE) BROWSE DEBUG OBJECTEXTEND TABS(2)

line level    source

   1          #include "lcd_driver.h"
   2          
   3          void Delay(unsigned int dly)
   4          {
   5   1          unsigned int i,j;
   6   1      
   7   1          for(i=0;i<dly;i++)
   8   1            for(j=0;j<255;j++);
   9   1      }
  10          
  11          void TFT_WriteCmd(unsigned int cmd)
  12          {
  13   1        TFT_CS = 0;
  14   1        TFT_RD = 1;
  15   1        TFT_RS = 0; 
  16   1          
  17   1        TFT_DATAPORT=cmd;  
  18   1        TFT_WR = 0;  
  19   1        TFT_WR = 1; 
  20   1      
  21   1        TFT_CS = 1; 
  22   1      }
  23          
  24          void TFT_WriteData(unsigned int dat)
  25          {
  26   1        TFT_CS = 0;
  27   1        TFT_RD = 1;
  28   1        TFT_RS = 1;  
  29   1          
  30   1        TFT_DATAPORT=dat;  
  31   1        TFT_WR = 0;  
  32   1        TFT_WR = 1; 
  33   1      
  34   1        TFT_CS = 1;
  35   1      }    
  36          void TFT_Init(void)
  37          {
  38   1      
  39   1        TFT_RST = 1;
  40   1        Delay(200);
  41   1        TFT_RST = 0;
  42   1        Delay(800);
  43   1        TFT_RST = 1;
  44   1        Delay(800);
  45   1        
  46   1         TFT_CS = 0;
  47   1      
  48   1        TFT_WriteCmd(0x36);
  49   1        TFT_WriteData(0xc8);
  50   1          
  51   1      
  52   1        TFT_WriteCmd(0x3a);
  53   1        TFT_WriteData(0x05);
  54   1      
  55   1        
C51 COMPILER V9.56.0.0   LCD_DRIVER                                                        07/25/2017 09:21:20 PAGE 2   

  56   1        
  57   1      
  58   1        TFT_WriteCmd(0xfe);
  59   1        TFT_WriteCmd(0xef);
  60   1      
  61   1        TFT_WriteCmd(0xe2);
  62   1        TFT_WriteData(0x80);
  63   1      
  64   1        TFT_WriteCmd(0xa3);
  65   1        TFT_WriteData(0x07);
  66   1      
  67   1        TFT_WriteCmd(0xa4);
  68   1        TFT_WriteData(0x09);
  69   1      
  70   1        TFT_WriteCmd(0xff);
  71   1        TFT_WriteData(0x12);
  72   1      
  73   1        TFT_WriteCmd(0xfd);
  74   1        TFT_WriteData(0x04);
  75   1      
  76   1      
  77   1        TFT_WriteCmd(0xf5);  //VRP1
  78   1        TFT_WriteData(0x00);
  79   1        
  80   1        TFT_WriteCmd(0xfb);   //VRN0
  81   1        TFT_WriteData(0x00);
  82   1        
  83   1        TFT_WriteCmd(0xf1);
  84   1        TFT_WriteData(0x55);     //KP3+KP2
  85   1        
  86   1        TFT_WriteCmd(0xf8);
  87   1        TFT_WriteData(0x22);     //KN3+KN2
  88   1        
  89   1        TFT_WriteCmd(0xf3);
  90   1        TFT_WriteData(0x52);     //RP1+RP0 
  91   1        
  92   1        TFT_WriteCmd(0xfa);
  93   1        TFT_WriteData(0x25);     //RN1+RN0
  94   1        
  95   1        TFT_WriteCmd(0xf4);   //VRP0  
  96   1        TFT_WriteData(0x00);  
  97   1        
  98   1        TFT_WriteCmd(0xfc);   //VRN1
  99   1        TFT_WriteData(0x00);  
 100   1        
 101   1              TFT_WriteCmd(0x11);
 102   1        Delay(120);
 103   1              TFT_WriteCmd(0x29);
 104   1        Delay(50);
 105   1      }
 106          
 107          
 108          void TFT_SetWindow(unsigned int xStart,unsigned int yStart,unsigned int xEnd,unsigned int yEnd)
 109          {
 110   1        TFT_WriteCmd(0x2a);   
 111   1        TFT_WriteData(xStart>>8);
 112   1        TFT_WriteData(xStart&0xff);
 113   1        TFT_WriteData(xEnd>>8);
 114   1        TFT_WriteData(xEnd&0xff);
 115   1      
 116   1        TFT_WriteCmd(0x2b);   
 117   1        TFT_WriteData(yStart>>8);
C51 COMPILER V9.56.0.0   LCD_DRIVER                                                        07/25/2017 09:21:20 PAGE 3   

 118   1        TFT_WriteData(yStart&0xff);
 119   1        TFT_WriteData(yEnd>>8);
 120   1        TFT_WriteData(yEnd&0xff);
 121   1      
 122   1        TFT_WriteCmd(0x2c);
 123   1      }
 124          
 125          
 126          void TFT_WriteColor(color)
 127          {
 128   1        TFT_CS = 0;
 129   1        TFT_RD = 1;
 130   1        TFT_RS = 1;  
 131   1          
 132   1        TFT_DATAPORT=color >> 8;  
 133   1        TFT_WR = 0;  
 134   1        TFT_WR = 1;
 135   1        
 136   1        TFT_DATAPORT=color;  
 137   1        TFT_WR = 0;  
 138   1        TFT_WR = 1; 
 139   1      
 140   1        TFT_CS = 1;
 141   1      }
 142          
 143          void TFT_ClearScreen(unsigned int color)
 144          {
 145   1           unsigned int i,j;
 146   1      
 147   1        TFT_SetWindow(0,0,TFT_XMAX-1,TFT_YMAX-1);
 148   1      
 149   1      //  TFT_CS=0; 
 150   1      //  TFT_RS=1;
 151   1      //  TFT_RD=1;
 152   1      
 153   1        for(i=0;i<TFT_YMAX;i++)
 154   1        {
 155   2            for(j=0;j<TFT_XMAX;j++)
 156   2          {    
 157   3      
 158   3             TFT_WriteColor(color);
 159   3      //       TFT_DATAPORT=color>>8;
 160   3      //       TFT_WR=0;  
 161   3      //       TFT_WR=1;  
 162   3        
 163   3      //       TFT_DATAPORT=color;
 164   3      //       TFT_WR=0;  
 165   3      //       TFT_WR=1;  
 166   3          }
 167   2        }
 168   1      
 169   1      //  TFT_CS=1;
 170   1      }  


MODULE INFORMATION:   STATIC OVERLAYABLE
   CODE SIZE        =    398    ----
   CONSTANT SIZE    =   ----    ----
   XDATA SIZE       =   ----    ----
   PDATA SIZE       =   ----    ----
   DATA SIZE        =   ----      10
   IDATA SIZE       =   ----    ----
C51 COMPILER V9.56.0.0   LCD_DRIVER                                                        07/25/2017 09:21:20 PAGE 4   

   BIT SIZE         =   ----    ----
END OF MODULE INFORMATION.


C51 COMPILATION COMPLETE.  0 WARNING(S),  0 ERROR(S)
