C51 COMPILER V9.56.0.0   SETTIME                                                           07/25/2017 09:21:21 PAGE 1   


C51 COMPILER V9.56.0.0, COMPILATION OF MODULE SETTIME
OBJECT MODULE PLACED IN settime.OBJ
COMPILER INVOKED BY: F:\keil51\C51\BIN\C51.EXE settime.c OPTIMIZE(9,SIZE) BROWSE DEBUG OBJECTEXTEND TABS(2)

line level    source

   1          /***************************************************************************************
   2           *  FileName          : settime.c
   3           *  CopyRight         : 
   4           *  ModuleName          :  
   5           *
   6           *  CPU             :
   7           *  RTOS            :
   8           *
   9           *  Create Data         : 
  10           *  Author/Corportation     :  caiyinmao
  11           *
  12           *  Abstract Description    :    设置时间
  13           *
  14           *--------------------------------Revision History--------------------------------------
  15           *  No  version   Data      Revised By      Item      Description
  16           *  
  17           *
  18           ***************************************************************************************/
  19          
  20          
  21          /**************************************************************
  22          * Debug switch Section
  23          **************************************************************/
  24          
  25          
  26          /**************************************************************
  27          * Include File Section
  28          **************************************************************/
  29          
  30          #include "calTimeDisplay.h"
  31          #include "touch.h"
  32          #include "paintTFT.h"
  33          #include "GUI.h"
  34          #include "lcd_driver.h"
  35          #include "clock.h"    //引用全局变量time
  36          /**************************************************************
  37          * Macro Define Section
  38          **************************************************************/
  39          
  40          /**************************************************************
  41          * Struct Define Section
  42          **************************************************************/
  43          
  44          
  45          /**************************************************************
  46          * Prototype Declare Section
  47          **************************************************************/
  48          
  49          
  50          /**************************************************************
  51          * Global Variable Declare Section
  52          **************************************************************/
  53          
  54          
  55          /**************************************************************
C51 COMPILER V9.56.0.0   SETTIME                                                           07/25/2017 09:21:21 PAGE 2   

  56          * File Static Variable Define Section
  57          **************************************************************/
  58          
  59          /**************************************************************
  60          * Function Define Section
  61          **************************************************************/
  62          
  63          /**
  64          *  @name: void setTime
  65          * @description:  调整时间
  66          * @param    :none
  67           *  @return   : none
  68           *  @notice : none
  69           */
  70          void setTime()
  71          {
  72   1        uchar num, tag = 0;
  73   1        ET0=0;    //关闭定时器，停止走时
  74   1            /*屏上数字部分检测（设置页面）*/   //不需要清屏         
  75   1        i = 0;
  76   1        while(1) 
  77   1         {
  78   2          if(TOUCH_XPT_ReadXY() == 1)   
  79   2          {
  80   3            /*转化*/
  81   3            x=xpt_xy.x;
  82   3            x=(x-304)*175/3422;
  83   3            y=xpt_xy.y;
  84   3            y=(y-256)*219/3440;     
  85   3            if(x>174)
  86   3            {
  87   4              x=174;
  88   4            }
  89   3            if(y>218)
  90   3            {
  91   4                y=218;
  92   4            }
  93   3            //设置时间 
  94   3            if((x>115)&&(y>45)&&(y<85))   //0
  95   3            {
  96   4              num = 0;
  97   4              tag = 1;
  98   4            }
  99   3            else if((x<60)&&(y>95)&&(y<135))    //1
 100   3            {
 101   4              num = 1;
 102   4              tag = 1;
 103   4            }
 104   3            else if((x>70)&&(x<105)&&(y>95)&&(y<135)) //2
 105   3            {
 106   4              num = 2;
 107   4              tag = 1;
 108   4            }
 109   3            else if((x>115)&&(y>95)&&(y<135))  //3
 110   3            {
 111   4              num = 3;
 112   4              tag = 1;
 113   4            }
 114   3            else if((x<60)&&(y>145)&&(y<165))   //4
 115   3            {
 116   4              num = 4;
 117   4              tag = 1;
C51 COMPILER V9.56.0.0   SETTIME                                                           07/25/2017 09:21:21 PAGE 3   

 118   4            }
 119   3            else if((x>70)&&(x<105)&&(y>145)&&(y<165)) //5
 120   3            {
 121   4              num = 5;
 122   4              tag = 1;
 123   4            }
 124   3            else if((x>115)&&(y>145)&&(y<165)) //6
 125   3            {
 126   4              num = 6;
 127   4              tag = 1;
 128   4            }
 129   3            else if((x<60)&&(y>175)&(y<205))    //7
 130   3            {
 131   4              num  = 7;
 132   4              tag = 1;
 133   4            }
 134   3            else if((x>70)&&(x<105)&&(y>175)&&(y<205)) //8
 135   3            {
 136   4              num = 8;
 137   4              tag = 1;
 138   4            }
 139   3            else if((x>115)&&(y>175)&&(y<205)) //9
 140   3            {
 141   4              num = 9;
 142   4              tag = 1;
 143   4            }                                                             
 144   3            else if((x<55)&&(y<24))  //左上角
 145   3            {
 146   4              ET0=1;
 147   4              break;   //退出循环       
 148   4            }
 149   3            if( tag == 1 )       //判断按键是否有效
 150   3            {
 151   4              tag = 0;
 152   4             switch(i)
 153   4              {
 154   5                case 0:
 155   5                   if( num < 3 )
 156   5                   {
 157   6                      time.hour = time.hour % 10 + num * 10;
 158   6                     i++;
 159   6                   }               
 160   5                    break;
 161   5                case 1: 
 162   5                   if( num < 4 || time.hour < 20) 
 163   5                   {
 164   6                      time.hour =time.hour - time.hour % 10 + num;
 165   6                     i++; 
 166   6                   }              
 167   5                    break;
 168   5              case 2: 
 169   5                   if( num < 6 )
 170   5                   {
 171   6                      time.minute = time.minute % 10 + num * 10;
 172   6                     i++;
 173   6                   }  
 174   5                    break;
 175   5              case 3:
 176   5                   time.minute =time.minute - time.minute % 10 + num;
 177   5                  i++;
 178   5                    break;
 179   5              case 4: 
C51 COMPILER V9.56.0.0   SETTIME                                                           07/25/2017 09:21:21 PAGE 4   

 180   5                   if( num < 6 )
 181   5                   {
 182   6                      time.second = time.second % 10 + num * 10;
 183   6                     i++;
 184   6                   }           
 185   5                    break;
 186   5                case 5: 
 187   5                    time.second =time.second - time.second % 10 + num;
 188   5                    i++;
 189   5                    break;
 190   5              }
 191   4             TFT_paintTimeSet(time);           //显示设置的值
 192   4            if(i==6)  //如果时分秒都赋值完毕则可以重新赋值
 193   4            {
 194   5              i=0;
 195   5            }       
 196   4            }     
 197   3          } 
 198   2        }
 199   1      }
 200          
 201          
 202          /**
 203          *  @name: void setClockTime
 204          * @description:  调整闹钟时间
 205          * @param    :none
 206           *  @return   : none
 207           *  @notice : none
 208           */
 209          void setClockTime()
 210          {
 211   1        uchar num, tag = 0;
 212   1            /*屏上数字部分检测（设置页面）*/   //不需要清屏         
 213   1        i = 0;
 214   1        clockTag = 1;               //闹钟开关
 215   1        while(1) 
 216   1         {
 217   2          if(TOUCH_XPT_ReadXY() == 1)   
 218   2          {
 219   3            /*转化*/
 220   3            x=xpt_xy.x;
 221   3            x=(x-304)*175/3422;
 222   3            y=xpt_xy.y;
 223   3            y=(y-256)*219/3440;     
 224   3            if(x>174)
 225   3            {
 226   4              x=174;
 227   4            }
 228   3            if(y>218)
 229   3            {
 230   4                y=218;
 231   4            }
 232   3            //设置时间 
 233   3            if((x>115)&&(y>45)&&(y<85))   //0
 234   3            {
 235   4              num = 0;
 236   4              tag = 1;
 237   4            }
 238   3            else if((x<60)&&(y>95)&&(y<135))    //1
 239   3            {
 240   4              num = 1;
 241   4              tag = 1;
C51 COMPILER V9.56.0.0   SETTIME                                                           07/25/2017 09:21:21 PAGE 5   

 242   4            }
 243   3            else if((x>70)&&(x<105)&&(y>95)&&(y<135)) //2
 244   3            {
 245   4              num = 2;
 246   4              tag = 1;
 247   4            }
 248   3            else if((x>115)&&(y>95)&&(y<135))  //3
 249   3            {
 250   4              num = 3;
 251   4              tag = 1;
 252   4            }
 253   3            else if((x<60)&&(y>145)&&(y<165))   //4
 254   3            {
 255   4              num = 4;
 256   4              tag = 1;
 257   4            }
 258   3            else if((x>70)&&(x<105)&&(y>145)&&(y<165)) //5
 259   3            {
 260   4              num = 5;
 261   4              tag = 1;
 262   4            }
 263   3            else if((x>115)&&(y>145)&&(y<165)) //6
 264   3            {
 265   4              num = 6;
 266   4              tag = 1;
 267   4            }
 268   3            else if((x<60)&&(y>175)&(y<205))    //7
 269   3            {
 270   4              num  = 7;
 271   4              tag = 1;
 272   4            }
 273   3            else if((x>70)&&(x<105)&&(y>175)&&(y<205)) //8
 274   3            {
 275   4              num = 8;
 276   4              tag = 1;
 277   4            }
 278   3            else if((x>115)&&(y>175)&&(y<205)) //9
 279   3            {
 280   4              num = 9;
 281   4              tag = 1;
 282   4            }                                                             
 283   3            else if((x<55)&&(y<24))  //左上角
 284   3            {
 285   4              ET0=1;
 286   4              break;   //退出循环       
 287   4            }
 288   3            if( tag == 1 )       //判断按键是否有效
 289   3            {
 290   4              tag = 0;
 291   4             switch(i)
 292   4              {
 293   5                case 0:
 294   5                   if( num < 3 )
 295   5                   {
 296   6                      timeclock.hour = timeclock.hour % 10 + num * 10;
 297   6                     i++;
 298   6                   }               
 299   5                    break;
 300   5                case 1: 
 301   5                   if( num < 4 || time.hour < 20) 
 302   5                   {
 303   6                      timeclock.hour =timeclock.hour - timeclock.hour % 10 + num;
C51 COMPILER V9.56.0.0   SETTIME                                                           07/25/2017 09:21:21 PAGE 6   

 304   6                     i++; 
 305   6                   }              
 306   5                    break;
 307   5              case 2: 
 308   5                   if( num < 6 )
 309   5                   {
 310   6                      timeclock.minute = timeclock.minute % 10 + num * 10;
 311   6                     i++;
 312   6                   }  
 313   5                    break;
 314   5              case 3:
 315   5                   timeclock.minute =timeclock.minute - timeclock.minute % 10 + num;
 316   5                  i++;
 317   5                    break;
 318   5              case 4: 
 319   5                   if( num < 6 )
 320   5                   {
 321   6                      timeclock.second = timeclock.second % 10 + num * 10;
 322   6                     i++;
 323   6                   }           
 324   5                    break;
 325   5                case 5: 
 326   5                    timeclock.second =timeclock.second - timeclock.second % 10 + num;
 327   5                    i++;
 328   5                    break;
 329   5              }
 330   4             TFT_paintTimeSet(timeclock);           //显示设置的值
 331   4            if(i==6)  //如果时分秒都赋值完毕则可以重新赋值
 332   4            {
 333   5              i=0;
 334   5            }       
 335   4            }     
 336   3          } 
 337   2        }
 338   1      }


MODULE INFORMATION:   STATIC OVERLAYABLE
   CODE SIZE        =   1408    ----
   CONSTANT SIZE    =   ----    ----
   XDATA SIZE       =   ----    ----
   PDATA SIZE       =   ----    ----
   DATA SIZE        =   ----       4
   IDATA SIZE       =   ----    ----
   BIT SIZE         =   ----    ----
END OF MODULE INFORMATION.


C51 COMPILATION COMPLETE.  0 WARNING(S),  0 ERROR(S)
